// Jest Snapshot v1, https://goo.gl/fbAQLP

exports[`main unused JSX 1`] = `
"

const comp = React.createElement(a.Tab, null);"
`;

exports[`main unused LabeledStatement 1`] = `
"

{
  Tab: 'abc';
}"
`;

exports[`main unused ObjectProperty 1`] = `
"var _extends = Object.assign || function (target) { for (var i = 1; i < arguments.length; i++) { var source = arguments[i]; for (var key in source) { if (Object.prototype.hasOwnProperty.call(source, key)) { target[key] = source[key]; } } } return target; };

const x = _extends({ Tab: 'abc' }, { a: '2' });"
`;

exports[`main unused VariableDeclarator 1`] = `
"

(function () {
  const Tab = '123';
})();"
`;

exports[`main used ObjectProperty 1`] = `
"var _extends = Object.assign || function (target) { for (var i = 1; i < arguments.length; i++) { var source = arguments[i]; for (var key in source) { if (Object.prototype.hasOwnProperty.call(source, key)) { target[key] = source[key]; } } } return target; };

import Tab from 'tab';

export const x = _extends({ [Tab]: 'abc' }, { a: '2' });"
`;
